
> if-usp-ciencia@0.1.0 prebuild
> npm run step-zero


> if-usp-ciencia@0.1.0 step-zero
> node scripts/generate-id.js

Γ£à [V3.6] sw.js gerado a partir do template com ID: 1772407957238
Γ£à [V3.6] BUILD_ID '1772407957238' injetado em .env.production.local.

> if-usp-ciencia@0.1.0 build
> next build

Γû▓ Next.js 16.1.6 (Turbopack)
- Environments: .env.production.local, .env.local

node.exe : ΓÜá The 
"middleware" file 
convention is 
deprecated. Please use 
"proxy" instead. Learn 
more: https://nextjs.or
g/docs/messages/middlew
are-to-proxy
No linha:1 caractere:1
+ & "C:\Program 
Files\nodejs/node.exe" 
"C:\Program 
Files\nodejs/node_mo 
...
+ ~~~~~~~~~~~~~~~~~~~~~
~~~~~~~~~~~~~~~~~~~~~~~
~~~~~~~~~~~~~~~~~~~~~~~
~~
    + CategoryInfo     
         : 
NotSpecified: (ΓÜá T   
 he 
"middle...leware-to-   
 proxy:String) [], 
Remot    eException
    + 
FullyQualifiedErrorId  
   : NativeCommandError
 
  Creating an optimized production build ...

> Build error occurred
Error: Turbopack build 
failed with 2 errors:
./src/components/layout
/Header.tsx
Module not found: 
Can't resolve '../feedb
ack/ReportModal'


Import traces:
  Server Component:
    ./src/components/la
yout/Header.tsx
    ./src/app/page.tsx

  Client Component 
Browser:
    ./src/components/la
yout/Header.tsx 
[Client Component 
Browser]
    ./src/components/la
yout/MainLayoutWrapper.
tsx [Client Component 
Browser]
    ./src/app/wiki/page
.tsx [Client Component 
Browser]
    ./src/app/wiki/page
.tsx [Server Component]

  Client Component SSR:
    ./src/components/la
yout/Header.tsx 
[Client Component SSR]
    ./src/components/la
yout/MainLayoutWrapper.
tsx [Client Component 
SSR]
    ./src/app/wiki/page
.tsx [Client Component 
SSR]
    ./src/app/wiki/page
.tsx [Server Component]

https://nextjs.org/docs
/messages/module-not-fo
und


./src/components/layout
/Header.tsx:17:35
Module not found: 
Can't resolve '../feedb
ack/ReportModal'
[0m [90m 15 |[39m 
[36mimport[39m { [33
mUserMinimalDTO[39m[3
3m,[39m [33mSearchSug
gestion[39m } 
[36mfrom[39m [32m'@/
types/navigation'[39m
[33m;[39m
 [90m 16 |[39m
[31m[1m>[22m[39m[9
0m 17 |[39m 
[36mconst[39m 
[33mReportModal[39m 
[33m=[39m dynamic(() 
[33m=>[39m [36mimpor
t[39m([32m'../feedbac
k/ReportModal'[39m)[3
3m.[39mthen(m 
[33m=>[39m ({ [36mde
fault[39m[33m:[39m m
[33m.[39m[33mReportM
odal[39m 
}))[33m,[39m {
 [90m    |[39m       
                       
     [31m[1m^[22m[3
9m[31m[1m^[22m[39m
[31m[1m^[22m[39m[31
m[1m^[22m[39m[31m[
1m^[22m[39m[31m[1m^
[22m[39m[31m[1m^[2
2m[39m[31m[1m^[22m
[39m[31m[1m^[22m[39
m[31m[1m^[22m[39m[
31m[1m^[22m[39m[31m
[1m^[22m[39m[31m[1
m^[22m[39m[31m[1m^
[22m[39m[31m[1m^[22
m[39m[31m[1m^[22m[
39m[31m[1m^[22m[39m
[31m[1m^[22m[39m[3
1m[1m^[22m[39m[31m
[1m^[22m[39m[31m[1m
^[22m[39m[31m[1m^[
22m[39m[31m[1m^[22m
[39m[31m[1m^[22m[3
9m[31m[1m^[22m[39m
[31m[1m^[22m[39m[31
m[1m^[22m[39m[31m[
1m^[22m[39m[31m[1m^
[22m[39m[31m[1m^[2
2m[39m[31m[1m^[22m
[39m[31m[1m^[22m[39
m[31m[1m^[22m[39m
 [90m 18 |[39m     
ssr[33m:[39m [36mfal
se[39m[33m,[39m
 [90m 19 |[39m 
})[33m;[39m
 [90m 20 |[39m[0m



Import traces:
  Server Component:
    ./src/components/la
yout/Header.tsx
    ./src/app/page.tsx

  Client Component 
Browser:
    ./src/components/la
yout/Header.tsx 
[Client Component 
Browser]
    ./src/components/la
yout/MainLayoutWrapper.
tsx [Client Component 
Browser]
    ./src/app/wiki/page
.tsx [Client Component 
Browser]
    ./src/app/wiki/page
.tsx [Server Component]

  Client Component SSR:
    ./src/components/la
yout/Header.tsx 
[Client Component SSR]
    ./src/components/la
yout/MainLayoutWrapper.
tsx [Client Component 
SSR]
    ./src/app/wiki/page
.tsx [Client Component 
SSR]
    ./src/app/wiki/page
.tsx [Server Component]

https://nextjs.org/docs
/messages/module-not-fo
und


    at <unknown> (https
://nextjs.org/docs/mess
ages/module-not-found)
    at <unknown> (./src
/components/layout/Head
er.tsx:17:35)
    at <unknown> (https
://nextjs.org/docs/mess
ages/module-not-found)
